==========================================
Parameter Golf - Training
Project:     /work/m24047/m24047brmn/parameter-golf
Container:   /work/conteneurs/calmip/nemo_25.04.03_arm.sif
Data:        /tmpdir/m24047brmn/pgolf/data/datasets/fineweb10B_sp1024
Tokenizer:   /tmpdir/m24047brmn/pgolf/data/tokenizers/fineweb_1024_bpe.model
Run ID:      v2_valemb_only
Nodes:       4
GPUs/node:   2
World size:  8
Master:      turpancomp4:40121
Wallclock:   600s
Iterations:  20000
Batch tokens:524288
Model:       9L 512D 8H 4KV
Script:      train_gpt_v2.py
Eval seqlens:1024,2048,4096,8192
YaRN:       beta_fast=32.0 beta_slow=1.0
Softcap:    15.0 MTP weight: 0.3
==========================================
W0319 16:24:53.849000 3434794 torch/distributed/run.py:763] 
W0319 16:24:53.849000 3434794 torch/distributed/run.py:763] *****************************************
W0319 16:24:53.849000 3434794 torch/distributed/run.py:763] Setting OMP_NUM_THREADS environment variable for each process to be 1 in default, to avoid your system being overloaded, please further tune the variable for optimal performance in your application as needed. 
W0319 16:24:53.849000 3434794 torch/distributed/run.py:763] *****************************************
W0319 16:24:53.940000 918163 torch/distributed/run.py:763] 
W0319 16:24:53.940000 918163 torch/distributed/run.py:763] *****************************************
W0319 16:24:53.940000 918163 torch/distributed/run.py:763] Setting OMP_NUM_THREADS environment variable for each process to be 1 in default, to avoid your system being overloaded, please further tune the variable for optimal performance in your application as needed. 
W0319 16:24:53.940000 918163 torch/distributed/run.py:763] *****************************************
W0319 16:24:53.966000 2848066 torch/distributed/run.py:763] 
W0319 16:24:53.966000 2848066 torch/distributed/run.py:763] *****************************************
W0319 16:24:53.966000 2848066 torch/distributed/run.py:763] Setting OMP_NUM_THREADS environment variable for each process to be 1 in default, to avoid your system being overloaded, please further tune the variable for optimal performance in your application as needed. 
W0319 16:24:53.966000 2848066 torch/distributed/run.py:763] *****************************************
W0319 16:24:53.995000 2223908 torch/distributed/run.py:763] 
W0319 16:24:53.995000 2223908 torch/distributed/run.py:763] *****************************************
W0319 16:24:53.995000 2223908 torch/distributed/run.py:763] Setting OMP_NUM_THREADS environment variable for each process to be 1 in default, to avoid your system being overloaded, please further tune the variable for optimal performance in your application as needed. 
W0319 16:24:53.995000 2223908 torch/distributed/run.py:763] *****************************************
logs/v2_valemb_only.txt
val_bpb:enabled tokenizer_kind=sentencepiece tokenizer_path=/tmpdir/m24047brmn/pgolf/data/tokenizers/fineweb_1024_bpe.model
train_loader:dataset:fineweb10B_sp1024 train_shards:80
val_loader:shards pattern=/tmpdir/m24047brmn/pgolf/data/datasets/fineweb10B_sp1024/fineweb_val_*.bin tokens:62021632
model_params:17584200
eval_seq_lens:[1024, 2048, 4096, 8192] yarn_beta_fast:32.0 yarn_beta_slow:1.0
logit_softcap:15.0 mtp_loss_weight:0.3
world_size:8 grad_accum_steps:1
sdp_backends:cudnn=False flash=True mem_efficient=False math=False
attention_mode:gqa num_heads:8 num_kv_heads:4
tie_embeddings:True embed_lr:0.05 head_lr:0.0 matrix_lr:0.04 scalar_lr:0.04
train_batch_tokens:524288 train_seq_len:1024 iterations:20000 warmup_steps:20 max_wallclock_seconds:600.000
seed:1337
warmup_step:1/20
warmup_step:2/20
warmup_step:3/20
warmup_step:4/20
warmup_step:5/20
warmup_step:6/20
warmup_step:7/20
warmup_step:8/20
warmup_step:9/20
warmup_step:10/20
warmup_step:11/20
warmup_step:12/20
warmup_step:13/20
warmup_step:14/20
warmup_step:15/20
warmup_step:16/20
warmup_step:17/20
warmup_step:18/20
warmup_step:19/20
warmup_step:20/20
step:0/20000 val_loss:6.9354 val_bpb:4.1075 train_time:0ms step_avg:0.01ms
step:1/20000 train_loss:9.0148 train_time:119ms step_avg:119.10ms
step:2/20000 train_loss:13.2689 train_time:299ms step_avg:149.68ms
step:3/20000 train_loss:8.2730 train_time:614ms step_avg:204.69ms
step:4/20000 train_loss:7.7930 train_time:955ms step_avg:238.67ms
step:5/20000 train_loss:7.8054 train_time:1195ms step_avg:239.01ms
step:6/20000 train_loss:8.3670 train_time:1557ms step_avg:259.57ms
step:7/20000 train_loss:7.5530 train_time:1958ms step_avg:279.67ms
step:8/20000 train_loss:7.3771 train_time:2307ms step_avg:288.43ms
step:9/20000 train_loss:7.2963 train_time:2811ms step_avg:312.39ms
step:10/20000 train_loss:7.1986 train_time:3077ms step_avg:307.74ms
step:100/20000 train_loss:4.7760 train_time:34322ms step_avg:343.22ms
step:200/20000 train_loss:4.1645 train_time:68657ms step_avg:343.29ms
step:300/20000 train_loss:3.6716 train_time:102577ms step_avg:341.92ms
step:400/20000 train_loss:3.5355 train_time:136173ms step_avg:340.43ms
step:500/20000 train_loss:3.7319 train_time:171769ms step_avg:343.54ms
step:500/20000 val_loss:2.4923 val_bpb:1.4761 train_time:172144ms step_avg:344.29ms
step:600/20000 train_loss:3.7930 train_time:204884ms step_avg:341.47ms
step:700/20000 train_loss:3.6593 train_time:244346ms step_avg:349.07ms
step:800/20000 train_loss:3.4438 train_time:288997ms step_avg:361.25ms
step:900/20000 train_loss:3.4869 train_time:334752ms step_avg:371.95ms
step:1000/20000 train_loss:3.5360 train_time:382301ms step_avg:382.30ms
step:1000/20000 val_loss:2.3078 val_bpb:1.3668 train_time:382773ms step_avg:382.77ms
step:1100/20000 train_loss:3.3812 train_time:431512ms step_avg:392.28ms
step:1200/20000 train_loss:3.5487 train_time:478473ms step_avg:398.73ms
step:1300/20000 train_loss:3.4795 train_time:527618ms step_avg:405.86ms
step:1400/20000 train_loss:3.5848 train_time:574728ms step_avg:410.52ms
step:1452/20000 val_loss:2.2394 val_bpb:1.3263 train_time:600436ms step_avg:413.52ms
stopping_early: wallclock_cap train_time:600436ms step:1452/20000
peak memory allocated: 10485 MiB reserved: 10828 MiB
Serialized model: 68798349 bytes
Code size: 56614 bytes
Total submission size: 68854963 bytes
Serialized model int8+zlib: 14725830 bytes (payload:17706272 raw_torch:17752393 payload_ratio:3.88x)
Total submission size int8+zlib: 14782444 bytes
============================================================
EVAL SWEEP: seq_len x scaling_method
============================================================
eval seq=1024 method=none val_loss:2.2424 val_bpb:1.3281 time:13941ms
eval_exact seq=1024 method=none val_loss:2.24243366 val_bpb:1.32809553
eval seq=2048 method=ntk val_loss:2.2224 val_bpb:1.3162 time:112200ms
eval_exact seq=2048 method=ntk val_loss:2.22242331 val_bpb:1.31624427
eval seq=2048 method=yarn val_loss:2.2339 val_bpb:1.3231 time:23348ms
eval_exact seq=2048 method=yarn val_loss:2.23394573 val_bpb:1.32306849
eval seq=4096 method=ntk val_loss:2.2612 val_bpb:1.3392 time:107788ms
eval_exact seq=4096 method=ntk val_loss:2.26116170 val_bpb:1.33918732
eval seq=4096 method=yarn val_loss:2.3267 val_bpb:1.3780 time:23267ms
eval_exact seq=4096 method=yarn val_loss:2.32671571 val_bpb:1.37801210
eval seq=8192 method=ntk val_loss:2.4085 val_bpb:1.4265 time:110627ms
eval_exact seq=8192 method=ntk val_loss:2.40854495 val_bpb:1.42647599
eval seq=8192 method=yarn val_loss:2.6410 val_bpb:1.5642 time:29051ms
eval_exact seq=8192 method=yarn val_loss:2.64102796 val_bpb:1.56416552
============================================================
[W319 16:48:07.177159731 TCPStore.cpp:115] [c10d] recvVector failed on SocketImpl(fd=3, addr=[turpancomp5]:52926, remote=[turpancomp4]:40121): failed to recv, got 0 bytes
Exception raised from recvBytes at /opt/pytorch/pytorch/torch/csrc/distributed/c10d/Utils.hpp:671 (most recent call first):
frame #0: c10::Error::Error(c10::SourceLocation, std::__cxx11::basic_string<char, std::char_traits<char>, std::allocator<char> >) + 0xd4 (0x40005e583cc4 in /usr/local/lib/python3.12/dist-packages/torch/lib/libc10.so)
frame #1: <unknown function> + 0x5a291f0 (0x4000142991f0 in /usr/local/lib/python3.12/dist-packages/torch/lib/libtorch_cpu.so)
frame #2: <unknown function> + 0x5a2ae44 (0x40001429ae44 in /usr/local/lib/python3.12/dist-packages/torch/lib/libtorch_cpu.so)
frame #3: <unknown function> + 0x5a2b878 (0x40001429b878 in /usr/local/lib/python3.12/dist-packages/torch/lib/libtorch_cpu.so)
frame #4: <unknown function> + 0x5a2d0b4 (0x40001429d0b4 in /usr/local/lib/python3.12/dist-packages/torch/lib/libtorch_cpu.so)
frame #5: c10d::TCPStore::compareSet(std::__cxx11::basic_string<char, std::char_traits<char>, std::allocator<char> > const&, std::vector<unsigned char, std::allocator<unsigned char> > const&, std::vector<unsigned char, std::allocator<unsigned char> > const&) + 0x1bc (0x40001429e41c in /usr/local/lib/python3.12/dist-packages/torch/lib/libtorch_cpu.so)
frame #6: <unknown function> + 0xf50c90 (0x40000e730c90 in /usr/local/lib/python3.12/dist-packages/torch/lib/libtorch_python.so)
frame #7: <unknown function> + 0x594060 (0x40000dd74060 in /usr/local/lib/python3.12/dist-packages/torch/lib/libtorch_python.so)
frame #8: /usr/bin/python() [0x5036b4]
frame #9: _PyObject_MakeTpCall + 0x78 (0x4c2c98 in /usr/bin/python)
frame #10: /usr/bin/python() [0x4c6f6c]
frame #11: _PyEval_EvalFrameDefault + 0x3cf4 (0x567308 in /usr/bin/python)
frame #12: _PyObject_Call_Prepend + 0xc4 (0x4c4774 in /usr/bin/python)
frame #13: /usr/bin/python() [0x528ba0]
frame #14: PyObject_Call + 0x6c (0x4c517c in /usr/bin/python)
frame #15: _PyEval_EvalFrameDefault + 0x3cf4 (0x567308 in /usr/bin/python)
frame #16: PyEval_EvalCode + 0x130 (0x562204 in /usr/bin/python)
frame #17: /usr/bin/python() [0x59c3c4]
frame #18: /usr/bin/python() [0x680e94]
frame #19: _PyRun_SimpleFileObject + 0x194 (0x680a68 in /usr/bin/python)
frame #20: _PyRun_AnyFileObject + 0x54 (0x680834 in /usr/bin/python)
frame #21: Py_RunMain + 0x2dc (0x68b83c in /usr/bin/python)
frame #22: Py_BytesMain + 0x28 (0x68b3f8 in /usr/bin/python)
frame #23: <unknown function> + 0x284c4 (0x40000cbf84c4 in /lib/aarch64-linux-gnu/libc.so.6)
frame #24: __libc_start_main + 0x98 (0x40000cbf8598 in /lib/aarch64-linux-gnu/libc.so.6)
frame #25: _start + 0x30 (0x5f6df0 in /usr/bin/python)

[W319 16:48:07.168124641 TCPStore.cpp:115] [c10d] recvVector failed on SocketImpl(fd=3, addr=[turpancomp7]:44088, remote=[turpancomp4]:40121): failed to recv, got 0 bytes
Exception raised from recvBytes at /opt/pytorch/pytorch/torch/csrc/distributed/c10d/Utils.hpp:671 (most recent call first):
frame #0: c10::Error::Error(c10::SourceLocation, std::__cxx11::basic_string<char, std::char_traits<char>, std::allocator<char> >) + 0xd4 (0x400081bc3cc4 in /usr/local/lib/python3.12/dist-packages/torch/lib/libc10.so)
frame #1: <unknown function> + 0x5a291f0 (0x4000378d91f0 in /usr/local/lib/python3.12/dist-packages/torch/lib/libtorch_cpu.so)
frame #2: <unknown function> + 0x5a2ae44 (0x4000378dae44 in /usr/local/lib/python3.12/dist-packages/torch/lib/libtorch_cpu.so)
frame #3: <unknown function> + 0x5a2b878 (0x4000378db878 in /usr/local/lib/python3.12/dist-packages/torch/lib/libtorch_cpu.so)
frame #4: <unknown function> + 0x5a2d0b4 (0x4000378dd0b4 in /usr/local/lib/python3.12/dist-packages/torch/lib/libtorch_cpu.so)
frame #5: c10d::TCPStore::compareSet(std::__cxx11::basic_string<char, std::char_traits<char>, std::allocator<char> > const&, std::vector<unsigned char, std::allocator<unsigned char> > const&, std::vector<unsigned char, std::allocator<unsigned char> > const&) + 0x1bc (0x4000378de41c in /usr/local/lib/python3.12/dist-packages/torch/lib/libtorch_cpu.so)
frame #6: <unknown function> + 0xf50c90 (0x400031d70c90 in /usr/local/lib/python3.12/dist-packages/torch/lib/libtorch_python.so)
frame #7: <unknown function> + 0x594060 (0x4000313b4060 in /usr/local/lib/python3.12/dist-packages/torch/lib/libtorch_python.so)
frame #8: /usr/bin/python() [0x5036b4]
frame #9: _PyObject_MakeTpCall + 0x78 (0x4c2c98 in /usr/bin/python)
frame #10: /usr/bin/python() [0x4c6f6c]
frame #11: _PyEval_EvalFrameDefault + 0x3cf4 (0x567308 in /usr/bin/python)
frame #12: _PyObject_Call_Prepend + 0xc4 (0x4c4774 in /usr/bin/python)
frame #13: /usr/bin/python() [0x528ba0]
frame #14: PyObject_Call + 0x6c (0x4c517c in /usr/bin/python)
frame #15: _PyEval_EvalFrameDefault + 0x3cf4 (0x567308 in /usr/bin/python)
frame #16: PyEval_EvalCode + 0x130 (0x562204 in /usr/bin/python)
frame #17: /usr/bin/python() [0x59c3c4]
frame #18: /usr/bin/python() [0x680e94]
frame #19: _PyRun_SimpleFileObject + 0x194 (0x680a68 in /usr/bin/python)
frame #20: _PyRun_AnyFileObject + 0x54 (0x680834 in /usr/bin/python)
frame #21: Py_RunMain + 0x2dc (0x68b83c in /usr/bin/python)
frame #22: Py_BytesMain + 0x28 (0x68b3f8 in /usr/bin/python)
frame #23: <unknown function> + 0x284c4 (0x4000302384c4 in /lib/aarch64-linux-gnu/libc.so.6)
frame #24: __libc_start_main + 0x98 (0x400030238598 in /lib/aarch64-linux-gnu/libc.so.6)
frame #25: _start + 0x30 (0x5f6df0 in /usr/bin/python)

W0319 16:48:07.138000 918163 torch/distributed/elastic/rendezvous/dynamic_rendezvous.py:1284] The node 'turpancomp5.calmip.local_918163_0' has failed to shutdown the rendezvous '80120' due to an error of type RendezvousConnectionError.
W0319 16:48:07.140000 2223908 torch/distributed/elastic/rendezvous/dynamic_rendezvous.py:1284] The node 'turpancomp7.calmip.local_2223908_0' has failed to shutdown the rendezvous '80120' due to an error of type RendezvousConnectionError.
[W319 16:48:07.182363636 TCPStore.cpp:106] [c10d] sendBytes failed on SocketImpl(fd=3, addr=[turpancomp5]:52926, remote=[turpancomp4]:40121): Broken pipe
Exception raised from sendBytes at /opt/pytorch/pytorch/torch/csrc/distributed/c10d/Utils.hpp:646 (most recent call first):
frame #0: c10::Error::Error(c10::SourceLocation, std::__cxx11::basic_string<char, std::char_traits<char>, std::allocator<char> >) + 0xd4 (0x40005e583cc4 in /usr/local/lib/python3.12/dist-packages/torch/lib/libc10.so)
frame #1: <unknown function> + 0x5a291f0 (0x4000142991f0 in /usr/local/lib/python3.12/dist-packages/torch/lib/libtorch_cpu.so)
frame #2: <unknown function> + 0x5a2b0fc (0x40001429b0fc in /usr/local/lib/python3.12/dist-packages/torch/lib/libtorch_cpu.so)
frame #3: <unknown function> + 0x5a2d704 (0x40001429d704 in /usr/local/lib/python3.12/dist-packages/torch/lib/libtorch_cpu.so)
frame #4: c10d::TCPStore::compareSet(std::__cxx11::basic_string<char, std::char_traits<char>, std::allocator<char> > const&, std::vector<unsigned char, std::allocator<unsigned char> > const&, std::vector<unsigned char, std::allocator<unsigned char> > const&) + 0x1ac (0x40001429e40c in /usr/local/lib/python3.12/dist-packages/torch/lib/libtorch_cpu.so)
frame #5: <unknown function> + 0xf50c90 (0x40000e730c90 in /usr/local/lib/python3.12/dist-packages/torch/lib/libtorch_python.so)
frame #6: <unknown function> + 0x594060 (0x40000dd74060 in /usr/local/lib/python3.12/dist-packages/torch/lib/libtorch_python.so)
frame #7: /usr/bin/python() [0x5036b4]
frame #8: _PyObject_MakeTpCall + 0x78 (0x4c2c98 in /usr/bin/python)
frame #9: /usr/bin/python() [0x4c6f6c]
frame #10: _PyEval_EvalFrameDefault + 0x3cf4 (0x567308 in /usr/bin/python)
frame #11: _PyObject_Call_Prepend + 0xc4 (0x4c4774 in /usr/bin/python)
frame #12: /usr/bin/python() [0x528ba0]
frame #13: PyObject_Call + 0x6c (0x4c517c in /usr/bin/python)
frame #14: _PyEval_EvalFrameDefault + 0x3cf4 (0x567308 in /usr/bin/python)
frame #15: PyEval_EvalCode + 0x130 (0x562204 in /usr/bin/python)
frame #16: /usr/bin/python() [0x59c3c4]
frame #17: /usr/bin/python() [0x680e94]
frame #18: _PyRun_SimpleFileObject + 0x194 (0x680a68 in /usr/bin/python)
frame #19: _PyRun_AnyFileObject + 0x54 (0x680834 in /usr/bin/python)
frame #20: Py_RunMain + 0x2dc (0x68b83c in /usr/bin/python)
frame #21: Py_BytesMain + 0x28 (0x68b3f8 in /usr/bin/python)
frame #22: <unknown function> + 0x284c4 (0x40000cbf84c4 in /lib/aarch64-linux-gnu/libc.so.6)
frame #23: __libc_start_main + 0x98 (0x40000cbf8598 in /lib/aarch64-linux-gnu/libc.so.6)
frame #24: _start + 0x30 (0x5f6df0 in /usr/bin/python)

W0319 16:48:07.142000 918163 torch/distributed/elastic/rendezvous/dynamic_rendezvous.py:1284] The node 'turpancomp5.calmip.local_918163_0' has failed to shutdown the rendezvous '80120' due to an error of type RendezvousConnectionError.
[W319 16:48:07.173262845 TCPStore.cpp:106] [c10d] sendBytes failed on SocketImpl(fd=3, addr=[turpancomp7]:44088, remote=[turpancomp4]:40121): Broken pipe
Exception raised from sendBytes at /opt/pytorch/pytorch/torch/csrc/distributed/c10d/Utils.hpp:646 (most recent call first):
frame #0: c10::Error::Error(c10::SourceLocation, std::__cxx11::basic_string<char, std::char_traits<char>, std::allocator<char> >) + 0xd4 (0x400081bc3cc4 in /usr/local/lib/python3.12/dist-packages/torch/lib/libc10.so)
frame #1: <unknown function> + 0x5a291f0 (0x4000378d91f0 in /usr/local/lib/python3.12/dist-packages/torch/lib/libtorch_cpu.so)
frame #2: <unknown function> + 0x5a2b0fc (0x4000378db0fc in /usr/local/lib/python3.12/dist-packages/torch/lib/libtorch_cpu.so)
frame #3: <unknown function> + 0x5a2d704 (0x4000378dd704 in /usr/local/lib/python3.12/dist-packages/torch/lib/libtorch_cpu.so)
frame #4: c10d::TCPStore::compareSet(std::__cxx11::basic_string<char, std::char_traits<char>, std::allocator<char> > const&, std::vector<unsigned char, std::allocator<unsigned char> > const&, std::vector<unsigned char, std::allocator<unsigned char> > const&) + 0x1ac (0x4000378de40c in /usr/local/lib/python3.12/dist-packages/torch/lib/libtorch_cpu.so)
frame #5: <unknown function> + 0xf50c90 (0x400031d70c90 in /usr/local/lib/python3.12/dist-packages/torch/lib/libtorch_python.so)
frame #6: <unknown function> + 0x594060 (0x4000313b4060 in /usr/local/lib/python3.12/dist-packages/torch/lib/libtorch_python.so)
frame #7: /usr/bin/python() [0x5036b4]
frame #8: _PyObject_MakeTpCall + 0x78 (0x4c2c98 in /usr/bin/python)
frame #9: /usr/bin/python() [0x4c6f6c]
frame #10: _PyEval_EvalFrameDefault + 0x3cf4 (0x567308 in /usr/bin/python)
frame #11: _PyObject_Call_Prepend + 0xc4 (0x4c4774 in /usr/bin/python)
frame #12: /usr/bin/python() [0x528ba0]
frame #13: PyObject_Call + 0x6c (0x4c517c in /usr/bin/python)
frame #14: _PyEval_EvalFrameDefault + 0x3cf4 (0x567308 in /usr/bin/python)
frame #15: PyEval_EvalCode + 0x130 (0x562204 in /usr/bin/python)
frame #16: /usr/bin/python() [0x59c3c4]
frame #17: /usr/bin/python() [0x680e94]
frame #18: _PyRun_SimpleFileObject + 0x194 (0x680a68 in /usr/bin/python)
frame #19: _PyRun_AnyFileObject + 0x54 (0x680834 in /usr/bin/python)
frame #20: Py_RunMain + 0x2dc (0x68b83c in /usr/bin/python)
frame #21: Py_BytesMain + 0x28 (0x68b3f8 in /usr/bin/python)
frame #22: <unknown function> + 0x284c4 (0x4000302384c4 in /lib/aarch64-linux-gnu/libc.so.6)
frame #23: __libc_start_main + 0x98 (0x400030238598 in /lib/aarch64-linux-gnu/libc.so.6)
frame #24: _start + 0x30 (0x5f6df0 in /usr/bin/python)

W0319 16:48:07.144000 2223908 torch/distributed/elastic/rendezvous/dynamic_rendezvous.py:1284] The node 'turpancomp7.calmip.local_2223908_0' has failed to shutdown the rendezvous '80120' due to an error of type RendezvousConnectionError.
==========================================
Training finished with status 0
==========================================
