==========================================
Parameter Golf - Training
Project:     /work/m24047/m24047brmn/parameter-golf
Container:   /work/conteneurs/calmip/nemo_25.04.03_arm.sif
Data:        /tmpdir/m24047brmn/pgolf/data/datasets/fineweb10B_sp1024
Tokenizer:   /tmpdir/m24047brmn/pgolf/data/tokenizers/fineweb_1024_bpe.model
Run ID:      v2_valemb_mtp_sc15
Nodes:       4
GPUs/node:   2
World size:  8
Master:      turpancomp4:40118
Wallclock:   600s
Iterations:  20000
Batch tokens:524288
Model:       9L 512D 8H 4KV
Script:      train_gpt_v2.py
Eval seqlens:1024,2048,4096,8192
YaRN:       beta_fast=32.0 beta_slow=1.0
Softcap:    15.0 MTP weight: 0.3
==========================================
W0319 15:47:09.812000 3414575 torch/distributed/run.py:763] 
W0319 15:47:09.812000 3414575 torch/distributed/run.py:763] *****************************************
W0319 15:47:09.812000 3414575 torch/distributed/run.py:763] Setting OMP_NUM_THREADS environment variable for each process to be 1 in default, to avoid your system being overloaded, please further tune the variable for optimal performance in your application as needed. 
W0319 15:47:09.812000 3414575 torch/distributed/run.py:763] *****************************************
W0319 15:47:09.866000 897540 torch/distributed/run.py:763] 
W0319 15:47:09.866000 897540 torch/distributed/run.py:763] *****************************************
W0319 15:47:09.866000 897540 torch/distributed/run.py:763] Setting OMP_NUM_THREADS environment variable for each process to be 1 in default, to avoid your system being overloaded, please further tune the variable for optimal performance in your application as needed. 
W0319 15:47:09.866000 897540 torch/distributed/run.py:763] *****************************************
W0319 15:47:09.916000 2203304 torch/distributed/run.py:763] 
W0319 15:47:09.916000 2203304 torch/distributed/run.py:763] *****************************************
W0319 15:47:09.916000 2203304 torch/distributed/run.py:763] Setting OMP_NUM_THREADS environment variable for each process to be 1 in default, to avoid your system being overloaded, please further tune the variable for optimal performance in your application as needed. 
W0319 15:47:09.916000 2203304 torch/distributed/run.py:763] *****************************************
W0319 15:47:09.973000 2828127 torch/distributed/run.py:763] 
W0319 15:47:09.973000 2828127 torch/distributed/run.py:763] *****************************************
W0319 15:47:09.973000 2828127 torch/distributed/run.py:763] Setting OMP_NUM_THREADS environment variable for each process to be 1 in default, to avoid your system being overloaded, please further tune the variable for optimal performance in your application as needed. 
W0319 15:47:09.973000 2828127 torch/distributed/run.py:763] *****************************************
logs/v2_valemb_mtp_sc15.txt
val_bpb:enabled tokenizer_kind=sentencepiece tokenizer_path=/tmpdir/m24047brmn/pgolf/data/tokenizers/fineweb_1024_bpe.model
train_loader:dataset:fineweb10B_sp1024 train_shards:80
val_loader:shards pattern=/tmpdir/m24047brmn/pgolf/data/datasets/fineweb10B_sp1024/fineweb_val_*.bin tokens:62021632
model_params:17584200
eval_seq_lens:[1024, 2048, 4096, 8192] yarn_beta_fast:32.0 yarn_beta_slow:1.0
logit_softcap:15.0 mtp_loss_weight:0.3
world_size:8 grad_accum_steps:1
sdp_backends:cudnn=False flash=True mem_efficient=False math=False
attention_mode:gqa num_heads:8 num_kv_heads:4
tie_embeddings:True embed_lr:0.05 head_lr:0.0 matrix_lr:0.04 scalar_lr:0.04
train_batch_tokens:524288 train_seq_len:1024 iterations:20000 warmup_steps:20 max_wallclock_seconds:600.000
seed:1337
warmup_step:1/20
warmup_step:2/20
warmup_step:3/20
warmup_step:4/20
warmup_step:5/20
warmup_step:6/20
warmup_step:7/20
warmup_step:8/20
warmup_step:9/20
warmup_step:10/20
warmup_step:11/20
warmup_step:12/20
warmup_step:13/20
warmup_step:14/20
warmup_step:15/20
warmup_step:16/20
warmup_step:17/20
warmup_step:18/20
warmup_step:19/20
warmup_step:20/20
step:0/20000 val_loss:6.9354 val_bpb:4.1075 train_time:0ms step_avg:0.01ms
step:1/20000 train_loss:9.0148 train_time:111ms step_avg:110.89ms
step:2/20000 train_loss:13.2689 train_time:382ms step_avg:191.15ms
step:3/20000 train_loss:8.2730 train_time:725ms step_avg:241.65ms
step:4/20000 train_loss:7.7930 train_time:1208ms step_avg:302.03ms
step:5/20000 train_loss:7.8054 train_time:1561ms step_avg:312.17ms
step:6/20000 train_loss:8.3671 train_time:2003ms step_avg:333.76ms
step:7/20000 train_loss:7.5532 train_time:2567ms step_avg:366.77ms
step:8/20000 train_loss:7.3774 train_time:3008ms step_avg:375.97ms
step:9/20000 train_loss:7.2959 train_time:3357ms step_avg:373.04ms
step:10/20000 train_loss:7.1988 train_time:3717ms step_avg:371.70ms
step:100/20000 train_loss:4.7854 train_time:34132ms step_avg:341.32ms
step:200/20000 train_loss:4.1504 train_time:68364ms step_avg:341.82ms
step:300/20000 train_loss:3.6839 train_time:102244ms step_avg:340.81ms
step:400/20000 train_loss:3.5293 train_time:138805ms step_avg:347.01ms
step:500/20000 train_loss:3.7354 train_time:172348ms step_avg:344.70ms
step:500/20000 val_loss:2.4927 val_bpb:1.4763 train_time:172540ms step_avg:345.08ms
step:600/20000 train_loss:3.7926 train_time:207226ms step_avg:345.38ms
step:700/20000 train_loss:3.6622 train_time:244945ms step_avg:349.92ms
step:800/20000 train_loss:3.4455 train_time:290378ms step_avg:362.97ms
step:900/20000 train_loss:3.4834 train_time:336882ms step_avg:374.31ms
step:1000/20000 train_loss:3.5365 train_time:383438ms step_avg:383.44ms
step:1000/20000 val_loss:2.3082 val_bpb:1.3670 train_time:384086ms step_avg:384.09ms
step:1100/20000 train_loss:3.3820 train_time:432226ms step_avg:392.93ms
step:1200/20000 train_loss:3.5495 train_time:481871ms step_avg:401.56ms
step:1300/20000 train_loss:3.4827 train_time:530901ms step_avg:408.39ms
step:1400/20000 train_loss:3.5895 train_time:579707ms step_avg:414.08ms
step:1444/20000 val_loss:2.2406 val_bpb:1.3270 train_time:600616ms step_avg:415.94ms
stopping_early: wallclock_cap train_time:600616ms step:1444/20000
peak memory allocated: 10485 MiB reserved: 10828 MiB
Serialized model: 68798349 bytes
Code size: 56614 bytes
Total submission size: 68854963 bytes
Serialized model int8+zlib: 14710714 bytes (payload:17706272 raw_torch:17752393 payload_ratio:3.88x)
Total submission size int8+zlib: 14767328 bytes
============================================================
EVAL SWEEP: seq_len x scaling_method
============================================================
eval seq=1024 method=none val_loss:2.2436 val_bpb:1.3288 time:13936ms
eval_exact seq=1024 method=none val_loss:2.24361135 val_bpb:1.32879302
eval seq=2048 method=ntk val_loss:2.2237 val_bpb:1.3170 time:111586ms
eval_exact seq=2048 method=ntk val_loss:2.22372836 val_bpb:1.31701719
eval seq=2048 method=yarn val_loss:2.2353 val_bpb:1.3239 time:23847ms
eval_exact seq=2048 method=yarn val_loss:2.23527874 val_bpb:1.32385798
eval seq=4096 method=ntk val_loss:2.2631 val_bpb:1.3403 time:113463ms
eval_exact seq=4096 method=ntk val_loss:2.26305768 val_bpb:1.34031023
eval seq=4096 method=yarn val_loss:2.3361 val_bpb:1.3836 time:24951ms
eval_exact seq=4096 method=yarn val_loss:2.33613839 val_bpb:1.38359274
eval seq=8192 method=ntk val_loss:2.4189 val_bpb:1.4326 time:116887ms
eval_exact seq=8192 method=ntk val_loss:2.41894219 val_bpb:1.43263382
eval seq=8192 method=yarn val_loss:2.6631 val_bpb:1.5772 time:35973ms
eval_exact seq=8192 method=yarn val_loss:2.66306328 val_bpb:1.57721608
============================================================
==========================================
Training finished with status 0
==========================================
