==========================================
Parameter Golf - Training
Project:     /work/m24047/m24047brmn/parameter-golf
Container:   /work/conteneurs/calmip/nemo_25.04.03_arm.sif
Data:        /tmpdir/m24047brmn/pgolf/data/datasets/fineweb10B_sp1024
Tokenizer:   /tmpdir/m24047brmn/pgolf/data/tokenizers/fineweb_1024_bpe.model
Run ID:      v2_rope_sweep2
Nodes:       4
GPUs/node:   2
World size:  8
Master:      turpancomp4:40103
Wallclock:   600s
Iterations:  20000
Batch tokens:524288
Model:       9L 512D 8H 4KV
Script:      train_gpt_v2.py
Eval seqlens:1024,2048,4096,8192
YaRN:       beta_fast=32.0 beta_slow=1.0
==========================================
W0319 14:52:27.940000 3395277 torch/distributed/run.py:763] 
W0319 14:52:27.940000 3395277 torch/distributed/run.py:763] *****************************************
W0319 14:52:27.940000 3395277 torch/distributed/run.py:763] Setting OMP_NUM_THREADS environment variable for each process to be 1 in default, to avoid your system being overloaded, please further tune the variable for optimal performance in your application as needed. 
W0319 14:52:27.940000 3395277 torch/distributed/run.py:763] *****************************************
W0319 14:52:28.023000 878595 torch/distributed/run.py:763] 
W0319 14:52:28.023000 878595 torch/distributed/run.py:763] *****************************************
W0319 14:52:28.023000 878595 torch/distributed/run.py:763] Setting OMP_NUM_THREADS environment variable for each process to be 1 in default, to avoid your system being overloaded, please further tune the variable for optimal performance in your application as needed. 
W0319 14:52:28.023000 878595 torch/distributed/run.py:763] *****************************************
W0319 14:52:28.101000 2184380 torch/distributed/run.py:763] 
W0319 14:52:28.101000 2184380 torch/distributed/run.py:763] *****************************************
W0319 14:52:28.101000 2184380 torch/distributed/run.py:763] Setting OMP_NUM_THREADS environment variable for each process to be 1 in default, to avoid your system being overloaded, please further tune the variable for optimal performance in your application as needed. 
W0319 14:52:28.101000 2184380 torch/distributed/run.py:763] *****************************************
W0319 14:52:28.130000 2809782 torch/distributed/run.py:763] 
W0319 14:52:28.130000 2809782 torch/distributed/run.py:763] *****************************************
W0319 14:52:28.130000 2809782 torch/distributed/run.py:763] Setting OMP_NUM_THREADS environment variable for each process to be 1 in default, to avoid your system being overloaded, please further tune the variable for optimal performance in your application as needed. 
W0319 14:52:28.130000 2809782 torch/distributed/run.py:763] *****************************************
logs/v2_rope_sweep2.txt
val_bpb:enabled tokenizer_kind=sentencepiece tokenizer_path=/tmpdir/m24047brmn/pgolf/data/tokenizers/fineweb_1024_bpe.model
train_loader:dataset:fineweb10B_sp1024 train_shards:80
val_loader:shards pattern=/tmpdir/m24047brmn/pgolf/data/datasets/fineweb10B_sp1024/fineweb_val_*.bin tokens:62021632
model_params:17059912
eval_seq_lens:[1024, 2048, 4096, 8192] yarn_beta_fast:32.0 yarn_beta_slow:1.0
world_size:8 grad_accum_steps:1
sdp_backends:cudnn=False flash=True mem_efficient=False math=False
attention_mode:gqa num_heads:8 num_kv_heads:4
tie_embeddings:True embed_lr:0.05 head_lr:0.0 matrix_lr:0.04 scalar_lr:0.04
train_batch_tokens:524288 train_seq_len:1024 iterations:20000 warmup_steps:20 max_wallclock_seconds:600.000
seed:1337
warmup_step:1/20
warmup_step:2/20
warmup_step:3/20
warmup_step:4/20
warmup_step:5/20
warmup_step:6/20
warmup_step:7/20
warmup_step:8/20
warmup_step:9/20
warmup_step:10/20
warmup_step:11/20
warmup_step:12/20
warmup_step:13/20
warmup_step:14/20
warmup_step:15/20
warmup_step:16/20
warmup_step:17/20
warmup_step:18/20
warmup_step:19/20
warmup_step:20/20
step:0/20000 val_loss:6.9357 val_bpb:4.1077 train_time:0ms step_avg:0.01ms
step:1/20000 train_loss:6.9370 train_time:53ms step_avg:52.54ms
step:2/20000 train_loss:16.8623 train_time:296ms step_avg:148.21ms
step:3/20000 train_loss:8.7502 train_time:618ms step_avg:205.85ms
step:4/20000 train_loss:6.6394 train_time:935ms step_avg:233.77ms
step:5/20000 train_loss:6.6131 train_time:1285ms step_avg:257.04ms
step:6/20000 train_loss:7.4186 train_time:1723ms step_avg:287.14ms
step:7/20000 train_loss:6.3507 train_time:2021ms step_avg:288.69ms
step:8/20000 train_loss:6.1583 train_time:2456ms step_avg:307.05ms
step:9/20000 train_loss:6.0672 train_time:2877ms step_avg:319.69ms
step:10/20000 train_loss:5.9726 train_time:3257ms step_avg:325.66ms
step:100/20000 train_loss:3.4073 train_time:32179ms step_avg:321.79ms
step:200/20000 train_loss:2.8506 train_time:66444ms step_avg:332.22ms
step:300/20000 train_loss:2.4834 train_time:100224ms step_avg:334.08ms
step:400/20000 train_loss:2.3580 train_time:132589ms step_avg:331.47ms
step:500/20000 train_loss:2.4983 train_time:165248ms step_avg:330.50ms
step:500/20000 val_loss:2.5023 val_bpb:1.4820 train_time:165446ms step_avg:330.89ms
step:600/20000 train_loss:2.5561 train_time:199021ms step_avg:331.70ms
step:700/20000 train_loss:2.4319 train_time:233341ms step_avg:333.34ms
step:800/20000 train_loss:2.2783 train_time:274111ms step_avg:342.64ms
step:900/20000 train_loss:2.3167 train_time:320265ms step_avg:355.85ms
step:1000/20000 train_loss:2.3466 train_time:367189ms step_avg:367.19ms
step:1000/20000 val_loss:2.3046 val_bpb:1.3649 train_time:367498ms step_avg:367.50ms
step:1100/20000 train_loss:2.2305 train_time:413114ms step_avg:375.56ms
step:1200/20000 train_loss:2.3482 train_time:459961ms step_avg:383.30ms
step:1300/20000 train_loss:2.3099 train_time:507110ms step_avg:390.08ms
step:1400/20000 train_loss:2.3835 train_time:554637ms step_avg:396.17ms
step:1499/20000 val_loss:2.2247 val_bpb:1.3176 train_time:600587ms step_avg:400.66ms
stopping_early: wallclock_cap train_time:600587ms step:1499/20000
peak memory allocated: 10198 MiB reserved: 10334 MiB
Serialized model: 67224779 bytes
Code size: 53889 bytes
Total submission size: 67278668 bytes
Serialized model int8+zlib: 14432180 bytes (payload:17178912 raw_torch:17223825 payload_ratio:3.91x)
Total submission size int8+zlib: 14486069 bytes
============================================================
EVAL SWEEP: seq_len x scaling_method
============================================================
eval seq=1024 method=none val_loss:2.2269 val_bpb:1.3189 time:12219ms
eval_exact seq=1024 method=none val_loss:2.22685107 val_bpb:1.31886663
eval seq=2048 method=ntk val_loss:2.2066 val_bpb:1.3069 time:112743ms
eval_exact seq=2048 method=ntk val_loss:2.20657678 val_bpb:1.30685906
eval seq=2048 method=yarn val_loss:2.2150 val_bpb:1.3119 time:23635ms
eval_exact seq=2048 method=yarn val_loss:2.21500740 val_bpb:1.31185215
eval seq=4096 method=ntk val_loss:2.2439 val_bpb:1.3290 time:106039ms
eval_exact seq=4096 method=ntk val_loss:2.24388538 val_bpb:1.32895532
eval seq=4096 method=yarn val_loss:2.2928 val_bpb:1.3579 time:27087ms
eval_exact seq=4096 method=yarn val_loss:2.29278983 val_bpb:1.35791929
eval seq=8192 method=ntk val_loss:2.3934 val_bpb:1.4175 time:117156ms
eval_exact seq=8192 method=ntk val_loss:2.39342507 val_bpb:1.41752114
eval seq=8192 method=yarn val_loss:2.5899 val_bpb:1.5339 time:29454ms
eval_exact seq=8192 method=yarn val_loss:2.58992930 val_bpb:1.53390202
============================================================
==========================================
Training finished with status 0
==========================================
