==========================================
Parameter Golf - Training
Project:     /work/m24047/m24047brmn/parameter-golf
Container:   /work/conteneurs/calmip/nemo_25.04.03_arm.sif
Data:        /tmpdir/m24047brmn/pgolf/data/datasets/fineweb10B_sp1024
Tokenizer:   /tmpdir/m24047brmn/pgolf/data/tokenizers/fineweb_1024_bpe.model
Run ID:      v2_ttt_mlp_adamw
Nodes:       4
GPUs/node:   2
World size:  8
Master:      turpancomp7:40086
Wallclock:   600s
Iterations:  20000
Batch tokens:524288
Model:       9L 512D 8H 4KV
Script:      train_gpt_v2.py
Eval seqlen: 2048
TTT:         enabled=1 lr=1e-5 max_sec=540
==========================================
W0319 13:03:32.936000 2155063 torch/distributed/run.py:763] 
W0319 13:03:32.936000 2155063 torch/distributed/run.py:763] *****************************************
W0319 13:03:32.936000 2155063 torch/distributed/run.py:763] Setting OMP_NUM_THREADS environment variable for each process to be 1 in default, to avoid your system being overloaded, please further tune the variable for optimal performance in your application as needed. 
W0319 13:03:32.936000 2155063 torch/distributed/run.py:763] *****************************************
W0319 13:03:33.097000 1246028 torch/distributed/run.py:763] 
W0319 13:03:33.097000 1246028 torch/distributed/run.py:763] *****************************************
W0319 13:03:33.097000 1246028 torch/distributed/run.py:763] Setting OMP_NUM_THREADS environment variable for each process to be 1 in default, to avoid your system being overloaded, please further tune the variable for optimal performance in your application as needed. 
W0319 13:03:33.097000 1246028 torch/distributed/run.py:763] *****************************************
W0319 13:03:33.137000 3575429 torch/distributed/run.py:763] 
W0319 13:03:33.137000 3575429 torch/distributed/run.py:763] *****************************************
W0319 13:03:33.137000 3575429 torch/distributed/run.py:763] Setting OMP_NUM_THREADS environment variable for each process to be 1 in default, to avoid your system being overloaded, please further tune the variable for optimal performance in your application as needed. 
W0319 13:03:33.137000 3575429 torch/distributed/run.py:763] *****************************************
W0319 13:03:33.187000 656980 torch/distributed/run.py:763] 
W0319 13:03:33.187000 656980 torch/distributed/run.py:763] *****************************************
W0319 13:03:33.187000 656980 torch/distributed/run.py:763] Setting OMP_NUM_THREADS environment variable for each process to be 1 in default, to avoid your system being overloaded, please further tune the variable for optimal performance in your application as needed. 
W0319 13:03:33.187000 656980 torch/distributed/run.py:763] *****************************************
logs/v2_ttt_mlp_adamw.txt
val_bpb:enabled tokenizer_kind=sentencepiece tokenizer_path=/tmpdir/m24047brmn/pgolf/data/tokenizers/fineweb_1024_bpe.model
train_loader:dataset:fineweb10B_sp1024 train_shards:80
val_loader:shards pattern=/tmpdir/m24047brmn/pgolf/data/datasets/fineweb10B_sp1024/fineweb_val_*.bin tokens:62021632
model_params:17059912
eval_seq_len:2048 ttt_enabled:True ttt_lr:1e-05
world_size:8 grad_accum_steps:1
sdp_backends:cudnn=False flash=True mem_efficient=False math=False
attention_mode:gqa num_heads:8 num_kv_heads:4
tie_embeddings:True embed_lr:0.05 head_lr:0.0 matrix_lr:0.04 scalar_lr:0.04
train_batch_tokens:524288 train_seq_len:1024 iterations:20000 warmup_steps:20 max_wallclock_seconds:600.000
seed:1337
warmup_step:1/20
warmup_step:2/20
warmup_step:3/20
warmup_step:4/20
warmup_step:5/20
warmup_step:6/20
warmup_step:7/20
warmup_step:8/20
warmup_step:9/20
warmup_step:10/20
warmup_step:11/20
warmup_step:12/20
warmup_step:13/20
warmup_step:14/20
warmup_step:15/20
warmup_step:16/20
warmup_step:17/20
warmup_step:18/20
warmup_step:19/20
warmup_step:20/20
step:0/20000 val_loss:6.9357 val_bpb:4.1077 train_time:0ms step_avg:0.01ms
step:1/20000 train_loss:6.9370 train_time:57ms step_avg:57.44ms
step:2/20000 train_loss:16.8623 train_time:285ms step_avg:142.62ms
step:3/20000 train_loss:8.7501 train_time:842ms step_avg:280.82ms
step:4/20000 train_loss:6.6393 train_time:1165ms step_avg:291.34ms
step:5/20000 train_loss:6.6129 train_time:1568ms step_avg:313.66ms
step:6/20000 train_loss:7.4186 train_time:1887ms step_avg:314.52ms
step:7/20000 train_loss:6.3503 train_time:2225ms step_avg:317.93ms
step:8/20000 train_loss:6.1583 train_time:2606ms step_avg:325.70ms
step:9/20000 train_loss:6.0671 train_time:3016ms step_avg:335.15ms
step:10/20000 train_loss:5.9725 train_time:3395ms step_avg:339.55ms
step:100/20000 train_loss:3.4276 train_time:32353ms step_avg:323.53ms
step:200/20000 train_loss:2.8581 train_time:63736ms step_avg:318.68ms
step:300/20000 train_loss:2.4879 train_time:95836ms step_avg:319.45ms
step:400/20000 train_loss:2.3582 train_time:127265ms step_avg:318.16ms
step:500/20000 train_loss:2.5013 train_time:160265ms step_avg:320.53ms
step:500/20000 val_loss:2.4994 val_bpb:1.4803 train_time:160522ms step_avg:321.04ms
step:600/20000 train_loss:2.5514 train_time:191933ms step_avg:319.89ms
step:700/20000 train_loss:2.4442 train_time:224298ms step_avg:320.43ms
step:800/20000 train_loss:2.2811 train_time:264373ms step_avg:330.47ms
step:900/20000 train_loss:2.3218 train_time:307507ms step_avg:341.67ms
step:1000/20000 train_loss:2.3438 train_time:354131ms step_avg:354.13ms
step:1000/20000 val_loss:2.3074 val_bpb:1.3666 train_time:354450ms step_avg:354.45ms
step:1100/20000 train_loss:2.2304 train_time:399563ms step_avg:363.24ms
step:1200/20000 train_loss:2.3524 train_time:445974ms step_avg:371.64ms
step:1300/20000 train_loss:2.3094 train_time:491411ms step_avg:378.01ms
step:1400/20000 train_loss:2.3817 train_time:538305ms step_avg:384.50ms
step:1500/20000 train_loss:2.1696 train_time:587105ms step_avg:391.40ms
step:1500/20000 val_loss:2.2231 val_bpb:1.3166 train_time:587541ms step_avg:391.69ms
step:1528/20000 val_loss:2.2219 val_bpb:1.3159 train_time:600457ms step_avg:392.97ms
stopping_early: wallclock_cap train_time:600457ms step:1528/20000
peak memory allocated: 10198 MiB reserved: 10334 MiB
Serialized model: 67224779 bytes
Code size: 60809 bytes
Total submission size: 67285588 bytes
Serialized model int8+zlib: 14526521 bytes (payload:17178912 raw_torch:17223825 payload_ratio:3.91x)
Total submission size int8+zlib: 14587330 bytes
final_int8_roundtrip val_loss:2.2239 val_bpb:1.3171 eval_time:12794ms
final_int8_roundtrip_exact val_loss:2.22392233 val_bpb:1.31713207
final_longctx_ntk(seq=2048) val_loss:2.2037 val_bpb:1.3051 eval_time:110723ms
final_longctx_ntk_exact val_loss:2.20368163 val_bpb:1.30514439
ttt: adapting 9437184 MLP params (18 tensors), lr=1e-05
final_ttt(lr=1e-05) val_loss:2.9651 val_bpb:1.7561 eval_time:105422ms
final_ttt_exact val_loss:2.96511739 val_bpb:1.75610954
ttt: adapting 9437184 MLP params (18 tensors), lr=1e-05
final_ttt_longctx_ntk(seq=2048, lr=1e-05) val_loss:3.2844 val_bpb:1.9452 eval_time:117139ms
final_ttt_longctx_ntk_exact val_loss:3.28438859 val_bpb:1.94519992
[W319 13:25:17.842076059 TCPStore.cpp:115] [c10d] recvVector failed on SocketImpl(fd=3, addr=[turpancomp9]:41232, remote=[turpancomp7]:40086): failed to recv, got 0 bytes
Exception raised from recvBytes at /opt/pytorch/pytorch/torch/csrc/distributed/c10d/Utils.hpp:671 (most recent call first):
frame #0: c10::Error::Error(c10::SourceLocation, std::__cxx11::basic_string<char, std::char_traits<char>, std::allocator<char> >) + 0xd4 (0x400086403cc4 in /usr/local/lib/python3.12/dist-packages/torch/lib/libc10.so)
frame #1: <unknown function> + 0x5a291f0 (0x40003c1191f0 in /usr/local/lib/python3.12/dist-packages/torch/lib/libtorch_cpu.so)
frame #2: <unknown function> + 0x5a2ae44 (0x40003c11ae44 in /usr/local/lib/python3.12/dist-packages/torch/lib/libtorch_cpu.so)
frame #3: <unknown function> + 0x5a2b878 (0x40003c11b878 in /usr/local/lib/python3.12/dist-packages/torch/lib/libtorch_cpu.so)
frame #4: <unknown function> + 0x5a2d0b4 (0x40003c11d0b4 in /usr/local/lib/python3.12/dist-packages/torch/lib/libtorch_cpu.so)
frame #5: c10d::TCPStore::compareSet(std::__cxx11::basic_string<char, std::char_traits<char>, std::allocator<char> > const&, std::vector<unsigned char, std::allocator<unsigned char> > const&, std::vector<unsigned char, std::allocator<unsigned char> > const&) + 0x1bc (0x40003c11e41c in /usr/local/lib/python3.12/dist-packages/torch/lib/libtorch_cpu.so)
frame #6: <unknown function> + 0xf50c90 (0x4000365b0c90 in /usr/local/lib/python3.12/dist-packages/torch/lib/libtorch_python.so)
frame #7: <unknown function> + 0x594060 (0x400035bf4060 in /usr/local/lib/python3.12/dist-packages/torch/lib/libtorch_python.so)
frame #8: /usr/bin/python() [0x5036b4]
frame #9: _PyObject_MakeTpCall + 0x78 (0x4c2c98 in /usr/bin/python)
frame #10: /usr/bin/python() [0x4c6f6c]
frame #11: _PyEval_EvalFrameDefault + 0x3cf4 (0x567308 in /usr/bin/python)
frame #12: _PyObject_Call_Prepend + 0xc4 (0x4c4774 in /usr/bin/python)
frame #13: /usr/bin/python() [0x528ba0]
frame #14: PyObject_Call + 0x6c (0x4c517c in /usr/bin/python)
frame #15: _PyEval_EvalFrameDefault + 0x3cf4 (0x567308 in /usr/bin/python)
frame #16: PyEval_EvalCode + 0x130 (0x562204 in /usr/bin/python)
frame #17: /usr/bin/python() [0x59c3c4]
frame #18: /usr/bin/python() [0x680e94]
frame #19: _PyRun_SimpleFileObject + 0x194 (0x680a68 in /usr/bin/python)
frame #20: _PyRun_AnyFileObject + 0x54 (0x680834 in /usr/bin/python)
frame #21: Py_RunMain + 0x2dc (0x68b83c in /usr/bin/python)
frame #22: Py_BytesMain + 0x28 (0x68b3f8 in /usr/bin/python)
frame #23: <unknown function> + 0x284c4 (0x400034a784c4 in /lib/aarch64-linux-gnu/libc.so.6)
frame #24: __libc_start_main + 0x98 (0x400034a78598 in /lib/aarch64-linux-gnu/libc.so.6)
frame #25: _start + 0x30 (0x5f6df0 in /usr/bin/python)

W0319 13:25:17.334000 3575429 torch/distributed/elastic/rendezvous/dynamic_rendezvous.py:1284] The node 'turpancomp9.calmip.local_3575429_0' has failed to shutdown the rendezvous '80085' due to an error of type RendezvousConnectionError.
[W319 13:25:17.847213675 TCPStore.cpp:106] [c10d] sendBytes failed on SocketImpl(fd=3, addr=[turpancomp9]:41232, remote=[turpancomp7]:40086): Broken pipe
Exception raised from sendBytes at /opt/pytorch/pytorch/torch/csrc/distributed/c10d/Utils.hpp:646 (most recent call first):
frame #0: c10::Error::Error(c10::SourceLocation, std::__cxx11::basic_string<char, std::char_traits<char>, std::allocator<char> >) + 0xd4 (0x400086403cc4 in /usr/local/lib/python3.12/dist-packages/torch/lib/libc10.so)
frame #1: <unknown function> + 0x5a291f0 (0x40003c1191f0 in /usr/local/lib/python3.12/dist-packages/torch/lib/libtorch_cpu.so)
frame #2: <unknown function> + 0x5a2b0fc (0x40003c11b0fc in /usr/local/lib/python3.12/dist-packages/torch/lib/libtorch_cpu.so)
frame #3: <unknown function> + 0x5a2d704 (0x40003c11d704 in /usr/local/lib/python3.12/dist-packages/torch/lib/libtorch_cpu.so)
frame #4: c10d::TCPStore::compareSet(std::__cxx11::basic_string<char, std::char_traits<char>, std::allocator<char> > const&, std::vector<unsigned char, std::allocator<unsigned char> > const&, std::vector<unsigned char, std::allocator<unsigned char> > const&) + 0x1ac (0x40003c11e40c in /usr/local/lib/python3.12/dist-packages/torch/lib/libtorch_cpu.so)
frame #5: <unknown function> + 0xf50c90 (0x4000365b0c90 in /usr/local/lib/python3.12/dist-packages/torch/lib/libtorch_python.so)
frame #6: <unknown function> + 0x594060 (0x400035bf4060 in /usr/local/lib/python3.12/dist-packages/torch/lib/libtorch_python.so)
frame #7: /usr/bin/python() [0x5036b4]
frame #8: _PyObject_MakeTpCall + 0x78 (0x4c2c98 in /usr/bin/python)
frame #9: /usr/bin/python() [0x4c6f6c]
frame #10: _PyEval_EvalFrameDefault + 0x3cf4 (0x567308 in /usr/bin/python)
frame #11: _PyObject_Call_Prepend + 0xc4 (0x4c4774 in /usr/bin/python)
frame #12: /usr/bin/python() [0x528ba0]
frame #13: PyObject_Call + 0x6c (0x4c517c in /usr/bin/python)
frame #14: _PyEval_EvalFrameDefault + 0x3cf4 (0x567308 in /usr/bin/python)
frame #15: PyEval_EvalCode + 0x130 (0x562204 in /usr/bin/python)
frame #16: /usr/bin/python() [0x59c3c4]
frame #17: /usr/bin/python() [0x680e94]
frame #18: _PyRun_SimpleFileObject + 0x194 (0x680a68 in /usr/bin/python)
frame #19: _PyRun_AnyFileObject + 0x54 (0x680834 in /usr/bin/python)
frame #20: Py_RunMain + 0x2dc (0x68b83c in /usr/bin/python)
frame #21: Py_BytesMain + 0x28 (0x68b3f8 in /usr/bin/python)
frame #22: <unknown function> + 0x284c4 (0x400034a784c4 in /lib/aarch64-linux-gnu/libc.so.6)
frame #23: __libc_start_main + 0x98 (0x400034a78598 in /lib/aarch64-linux-gnu/libc.so.6)
frame #24: _start + 0x30 (0x5f6df0 in /usr/bin/python)

W0319 13:25:17.338000 3575429 torch/distributed/elastic/rendezvous/dynamic_rendezvous.py:1284] The node 'turpancomp9.calmip.local_3575429_0' has failed to shutdown the rendezvous '80085' due to an error of type RendezvousConnectionError.
==========================================
Training finished with status 0
==========================================
